bash-5.1$ ../../../../qemu/build/qemu-system-x86_64 -bios out/bios.bin -nographic
Changing serial settings was 0/0 now 3/0
SeaBIOS (version rel-1.17.0-4-g0026c353)
BUILD: gcc: (GCC) 11.2.0 binutils: (GNU Binutils) 2.41
No Xen hypervisor found.
Running on QEMU (i440fx)
physbits: signature="AuthenticAMD", pae=yes, lm=yes, phys-bits=40, valid=yes
cpuid 0x40000000: eax 40000001, signature 'TCGTCGTCGTCG'
Found QEMU fw_cfg
QEMU fw_cfg DMA interface supported
qemu/e820: addr 0x000000fd00000000 len 0x0000000300000000 [reserved]
qemu/e820: addr 0x0000000000000000 len 0x0000000008000000 [RAM]
Relocating init from 0x000d5ac0 to 0x06febca0 (size 82624)
Moving pm_base to 0x600
=== PCI bus & bridge init ===
PCI: pci_bios_init_bus_rec bus = 0x0
=== PCI device probing ===
Found 6 PCI devices (max PCI bus is 00)
=== PCI new allocation pass #1 ===
PCI: check devices
=== PCI new allocation pass #2 ===
PCI: IO: c000 - c04f
PCI: 32: 0000000080000000 - 00000000fec00000
PCI: map device bdf=00:03.0  bar 1, addr 0000c000, size 00000040 [io]
PCI: map device bdf=00:01.1  bar 4, addr 0000c040, size 00000010 [io]
PCI: map device bdf=00:03.0  bar 6, addr feb80000, size 00040000 [mem]
PCI: map device bdf=00:03.0  bar 0, addr febc0000, size 00020000 [mem]
PCI: map device bdf=00:02.0  bar 6, addr febe0000, size 00010000 [mem]
SeaBIOS (version rel-1.17.0-4-g0026c353Searching bootorder for: /pci@i0cf8/isa@1/fdc@03f0/floppy@0
ATA controller 1 at 1f0/3f4/0 (irq 14 dev 9)
ATA controller 2 at 170/374/0 (irq 15 dev 9)
Searching bootorder for: HALT
Found 1 lpt ports
Found 1 serial ports
DVD/CD [ata1-0: QEMU DVD-ROM ATAPI-4 DVD/CD]
Searching bootorder for: /pci@i0cf8/*@1,1/drive@1/disk@0
Searching bios-geometry for: /pci@i0cf8/*@1,1/drive@1/disk@0
Device reports MEDIUM NOT PRESENT - 2 tries left
Device reports MEDIUM NOT PRESENT - 1 tries left
Device reports MEDIUM NOT PRESENT - 0 tries left
PS2 keyboard initialized
All threads complete.
Scan for option roms
Running option rom at ca00:0003
)


iPXE (http://ipxe.org) 00:03.0 CA00 PCI2.10 PnP PMpmm call arg1=1
pmm call arg1=0
M+06FD1AEpmm call arg1=1
pmm call arg1=0
0+06F31AE0 CA00
                                                                              Searching bootorder 3
Searching bootorder for: /rom@genroms/kvmvapic.bin
Searching bootorder for: HALT
Running option rom at cb00:0003
 


Space available for UMB: cd800-e8800, f4c20-f5010
Returned 16646144 bytes of ZoneHigh
e820 map has 7 items:
  0: 0000000000000000 - 000000000009fc00 = 1 RAM
  1: 000000000009fc00 - 00000000000a0000 = 2 RESERVED
  2: 00000000000f0000 - 0000000000100000 = 2 RESERVED
  3: 0000000000100000 - 0000000007fe0000 = 1 RAM
  4: 0000000007fe0000 - 0000000008000000 = 2 RESERVED
  5: 00000000fffc0000 - 0000000100000000 = 2 RESERVED
  6: 000000fd00000000 - 0000010000000000 = 2 RESERVED
enter handle_19:
  NULL
Booting from Hard Disk...
Boot failed: could not read the boot disenter handle_18:
  NULL
k

Booting from Floppy...
floppy error: 40 00 00 00 00 01 02
Boot failed: could not read the boot disenter handle_18:
  NULL
k

Booting from DVD/CD..Device reports MEDIUM NOT PRESENT - 2 tries left
Device reports MEDIUM NOT PRESENT - 1 tries left
Device reports MEDIUM NOT PRESENT - 0 tries left
.
Boot failed: Could not read from CDROM (code 0003enter handle_18:
  NULL
)
Booting from ROM..Booting from ca00:0385
.
iPXE (PCI 00:03.0) starting execution...ok
iPXE initialising devices...ok



iPXE 1.20.1+ (g4bd0) -- Open Source Network Boot Firmware -- http://ipxe.org
Features: DNS HTTP iSCSI TFTP AoE ELF MBOOT PXE bzImage Menu PXEXT

net0: 52:54:00:12:34:56 using 82540em on 0000:00:03.0 (open)
  [Link:up, TX:0 TXE:0 RX:0 RXE:0]
Configuring (net0 52:54:00:12:34:56)...... ok
net0: 10.0.2.15/255.255.255.0 gw 10.0.2.2
Nothing to boot: No such file or directory (http://ipxe.org/2d03e13b)
No more network devices

iPXE> 
