scripts/kconfig/conf --olddefconfig /home/jaloo/slackware/qemu/seabios/seabios/src/Kconfig
#
# configuration written to /home/jaloo/slackware/qemu/seabios/seabios/.config
#
mkdir -p out//scripts/kconfig/lxdialog
mkdir -p out//include/config
mkdir -p out/src out/src/hw out/src/fw out/vgasrc
make -C out/ -f /home/jaloo/slackware/qemu/seabios/seabios/scripts/kconfig/Makefile srctree=/home/jaloo/slackware/qemu/seabios/seabios src=scripts/kconfig obj=scripts/kconfig Q=@ Kconfig=/home/jaloo/slackware/qemu/seabios/seabios/src/Kconfig  silentoldconfig
echo "  Compile checking out/src/misc.o"
cc -Iout/ -Isrc -Os -MD -g -Wall -Wno-strict-aliasing -Wold-style-definition -Wtype-limits -m32 -march=i386 -mregparm=3 -mpreferred-stack-boundary=2 -minline-all-stringops -fomit-frame-pointer -freg-struct-return -ffreestanding -fno-delete-null-pointer-checks -ffunction-sections -fdata-sections -fno-common -fno-merge-constants -fno-pie -fno-stack-protector -fstack-check=no -Wno-address-of-packed-member -Wno-array-bounds -fcf-protection=none -DMODE16=0 -DMODESEGMENT=0 -c src/misc.c -o out/src/misc.o
echo "  Compile checking out/src/stacks.o"
cc -Iout/ -Isrc -Os -MD -g -Wall -Wno-strict-aliasing -Wold-style-definition -Wtype-limits -m32 -march=i386 -mregparm=3 -mpreferred-stack-boundary=2 -minline-all-stringops -fomit-frame-pointer -freg-struct-return -ffreestanding -fno-delete-null-pointer-checks -ffunction-sections -fdata-sections -fno-common -fno-merge-constants -fno-pie -fno-stack-protector -fstack-check=no -Wno-address-of-packed-member -Wno-array-bounds -fcf-protection=none -DMODE16=0 -DMODESEGMENT=0 -c src/stacks.c -o out/src/stacks.o
echo "  Compile checking out/src/output.o"
cc -Iout/ -Isrc -Os -MD -g -Wall -Wno-strict-aliasing -Wold-style-definition -Wtype-limits -m32 -march=i386 -mregparm=3 -mpreferred-stack-boundary=2 -minline-all-stringops -fomit-frame-pointer -freg-struct-return -ffreestanding -fno-delete-null-pointer-checks -ffunction-sections -fdata-sections -fno-common -fno-merge-constants -fno-pie -fno-stack-protector -fstack-check=no -Wno-address-of-packed-member -Wno-array-bounds -fcf-protection=none -DMODE16=0 -DMODESEGMENT=0 -c src/output.c -o out/src/output.o
echo "  Compile checking out/src/string.o"
cc -Iout/ -Isrc -Os -MD -g -Wall -Wno-strict-aliasing -Wold-style-definition -Wtype-limits -m32 -march=i386 -mregparm=3 -mpreferred-stack-boundary=2 -minline-all-stringops -fomit-frame-pointer -freg-struct-return -ffreestanding -fno-delete-null-pointer-checks -ffunction-sections -fdata-sections -fno-common -fno-merge-constants -fno-pie -fno-stack-protector -fstack-check=no -Wno-address-of-packed-member -Wno-array-bounds -fcf-protection=none -DMODE16=0 -DMODESEGMENT=0 -c src/string.c -o out/src/string.o
echo "  Compile checking out/src/block.o"
cc -Iout/ -Isrc -Os -MD -g -Wall -Wno-strict-aliasing -Wold-style-definition -Wtype-limits -m32 -march=i386 -mregparm=3 -mpreferred-stack-boundary=2 -minline-all-stringops -fomit-frame-pointer -freg-struct-return -ffreestanding -fno-delete-null-pointer-checks -ffunction-sections -fdata-sections -fno-common -fno-merge-constants -fno-pie -fno-stack-protector -fstack-check=no -Wno-address-of-packed-member -Wno-array-bounds -fcf-protection=none -DMODE16=0 -DMODESEGMENT=0 -c src/block.c -o out/src/block.o
echo "  Compile checking out/src/cdrom.o"
cc -Iout/ -Isrc -Os -MD -g -Wall -Wno-strict-aliasing -Wold-style-definition -Wtype-limits -m32 -march=i386 -mregparm=3 -mpreferred-stack-boundary=2 -minline-all-stringops -fomit-frame-pointer -freg-struct-return -ffreestanding -fno-delete-null-pointer-checks -ffunction-sections -fdata-sections -fno-common -fno-merge-constants -fno-pie -fno-stack-protector -fstack-check=no -Wno-address-of-packed-member -Wno-array-bounds -fcf-protection=none -DMODE16=0 -DMODESEGMENT=0 -c src/cdrom.c -o out/src/cdrom.o
echo "  Compile checking out/src/disk.o"
cc -Iout/ -Isrc -Os -MD -g -Wall -Wno-strict-aliasing -Wold-style-definition -Wtype-limits -m32 -march=i386 -mregparm=3 -mpreferred-stack-boundary=2 -minline-all-stringops -fomit-frame-pointer -freg-struct-return -ffreestanding -fno-delete-null-pointer-checks -ffunction-sections -fdata-sections -fno-common -fno-merge-constants -fno-pie -fno-stack-protector -fstack-check=no -Wno-address-of-packed-member -Wno-array-bounds -fcf-protection=none -DMODE16=0 -DMODESEGMENT=0 -c src/disk.c -o out/src/disk.o
echo "  Compile checking out/src/mouse.o"
cc -Iout/ -Isrc -Os -MD -g -Wall -Wno-strict-aliasing -Wold-style-definition -Wtype-limits -m32 -march=i386 -mregparm=3 -mpreferred-stack-boundary=2 -minline-all-stringops -fomit-frame-pointer -freg-struct-return -ffreestanding -fno-delete-null-pointer-checks -ffunction-sections -fdata-sections -fno-common -fno-merge-constants -fno-pie -fno-stack-protector -fstack-check=no -Wno-address-of-packed-member -Wno-array-bounds -fcf-protection=none -DMODE16=0 -DMODESEGMENT=0 -c src/mouse.c -o out/src/mouse.o
echo "  Compile checking out/src/kbd.o"
cc -Iout/ -Isrc -Os -MD -g -Wall -Wno-strict-aliasing -Wold-style-definition -Wtype-limits -m32 -march=i386 -mregparm=3 -mpreferred-stack-boundary=2 -minline-all-stringops -fomit-frame-pointer -freg-struct-return -ffreestanding -fno-delete-null-pointer-checks -ffunction-sections -fdata-sections -fno-common -fno-merge-constants -fno-pie -fno-stack-protector -fstack-check=no -Wno-address-of-packed-member -Wno-array-bounds -fcf-protection=none -DMODE16=0 -DMODESEGMENT=0 -c src/kbd.c -o out/src/kbd.o
echo "  Compile checking out/src/system.o"
cc -Iout/ -Isrc -Os -MD -g -Wall -Wno-strict-aliasing -Wold-style-definition -Wtype-limits -m32 -march=i386 -mregparm=3 -mpreferred-stack-boundary=2 -minline-all-stringops -fomit-frame-pointer -freg-struct-return -ffreestanding -fno-delete-null-pointer-checks -ffunction-sections -fdata-sections -fno-common -fno-merge-constants -fno-pie -fno-stack-protector -fstack-check=no -Wno-address-of-packed-member -Wno-array-bounds -fcf-protection=none -DMODE16=0 -DMODESEGMENT=0 -c src/system.c -o out/src/system.o
echo "  Compile checking out/src/serial.o"
cc -Iout/ -Isrc -Os -MD -g -Wall -Wno-strict-aliasing -Wold-style-definition -Wtype-limits -m32 -march=i386 -mregparm=3 -mpreferred-stack-boundary=2 -minline-all-stringops -fomit-frame-pointer -freg-struct-return -ffreestanding -fno-delete-null-pointer-checks -ffunction-sections -fdata-sections -fno-common -fno-merge-constants -fno-pie -fno-stack-protector -fstack-check=no -Wno-address-of-packed-member -Wno-array-bounds -fcf-protection=none -DMODE16=0 -DMODESEGMENT=0 -c src/serial.c -o out/src/serial.o
echo "  Compile checking out/src/sercon.o"
cc -Iout/ -Isrc -Os -MD -g -Wall -Wno-strict-aliasing -Wold-style-definition -Wtype-limits -m32 -march=i386 -mregparm=3 -mpreferred-stack-boundary=2 -minline-all-stringops -fomit-frame-pointer -freg-struct-return -ffreestanding -fno-delete-null-pointer-checks -ffunction-sections -fdata-sections -fno-common -fno-merge-constants -fno-pie -fno-stack-protector -fstack-check=no -Wno-address-of-packed-member -Wno-array-bounds -fcf-protection=none -DMODE16=0 -DMODESEGMENT=0 -c src/sercon.c -o out/src/sercon.o
echo "  Compile checking out/src/clock.o"
cc -Iout/ -Isrc -Os -MD -g -Wall -Wno-strict-aliasing -Wold-style-definition -Wtype-limits -m32 -march=i386 -mregparm=3 -mpreferred-stack-boundary=2 -minline-all-stringops -fomit-frame-pointer -freg-struct-return -ffreestanding -fno-delete-null-pointer-checks -ffunction-sections -fdata-sections -fno-common -fno-merge-constants -fno-pie -fno-stack-protector -fstack-check=no -Wno-address-of-packed-member -Wno-array-bounds -fcf-protection=none -DMODE16=0 -DMODESEGMENT=0 -c src/clock.c -o out/src/clock.o
echo "  Compile checking out/src/resume.o"
cc -Iout/ -Isrc -Os -MD -g -Wall -Wno-strict-aliasing -Wold-style-definition -Wtype-limits -m32 -march=i386 -mregparm=3 -mpreferred-stack-boundary=2 -minline-all-stringops -fomit-frame-pointer -freg-struct-return -ffreestanding -fno-delete-null-pointer-checks -ffunction-sections -fdata-sections -fno-common -fno-merge-constants -fno-pie -fno-stack-protector -fstack-check=no -Wno-address-of-packed-member -Wno-array-bounds -fcf-protection=none -DMODE16=0 -DMODESEGMENT=0 -c src/resume.c -o out/src/resume.o
echo "  Compile checking out/src/pnpbios.o"
cc -Iout/ -Isrc -Os -MD -g -Wall -Wno-strict-aliasing -Wold-style-definition -Wtype-limits -m32 -march=i386 -mregparm=3 -mpreferred-stack-boundary=2 -minline-all-stringops -fomit-frame-pointer -freg-struct-return -ffreestanding -fno-delete-null-pointer-checks -ffunction-sections -fdata-sections -fno-common -fno-merge-constants -fno-pie -fno-stack-protector -fstack-check=no -Wno-address-of-packed-member -Wno-array-bounds -fcf-protection=none -DMODE16=0 -DMODESEGMENT=0 -c src/pnpbios.c -o out/src/pnpbios.o
echo "  Compile checking out/src/vgahooks.o"
cc -Iout/ -Isrc -Os -MD -g -Wall -Wno-strict-aliasing -Wold-style-definition -Wtype-limits -m32 -march=i386 -mregparm=3 -mpreferred-stack-boundary=2 -minline-all-stringops -fomit-frame-pointer -freg-struct-return -ffreestanding -fno-delete-null-pointer-checks -ffunction-sections -fdata-sections -fno-common -fno-merge-constants -fno-pie -fno-stack-protector -fstack-check=no -Wno-address-of-packed-member -Wno-array-bounds -fcf-protection=none -DMODE16=0 -DMODESEGMENT=0 -c src/vgahooks.c -o out/src/vgahooks.o
echo "  Compile checking out/src/pcibios.o"
cc -Iout/ -Isrc -Os -MD -g -Wall -Wno-strict-aliasing -Wold-style-definition -Wtype-limits -m32 -march=i386 -mregparm=3 -mpreferred-stack-boundary=2 -minline-all-stringops -fomit-frame-pointer -freg-struct-return -ffreestanding -fno-delete-null-pointer-checks -ffunction-sections -fdata-sections -fno-common -fno-merge-constants -fno-pie -fno-stack-protector -fstack-check=no -Wno-address-of-packed-member -Wno-array-bounds -fcf-protection=none -DMODE16=0 -DMODESEGMENT=0 -c src/pcibios.c -o out/src/pcibios.o
echo "  Compile checking out/src/apm.o"
cc -Iout/ -Isrc -Os -MD -g -Wall -Wno-strict-aliasing -Wold-style-definition -Wtype-limits -m32 -march=i386 -mregparm=3 -mpreferred-stack-boundary=2 -minline-all-stringops -fomit-frame-pointer -freg-struct-return -ffreestanding -fno-delete-null-pointer-checks -ffunction-sections -fdata-sections -fno-common -fno-merge-constants -fno-pie -fno-stack-protector -fstack-check=no -Wno-address-of-packed-member -Wno-array-bounds -fcf-protection=none -DMODE16=0 -DMODESEGMENT=0 -c src/apm.c -o out/src/apm.o
echo "  Compile checking out/src/cp437.o"
cc -Iout/ -Isrc -Os -MD -g -Wall -Wno-strict-aliasing -Wold-style-definition -Wtype-limits -m32 -march=i386 -mregparm=3 -mpreferred-stack-boundary=2 -minline-all-stringops -fomit-frame-pointer -freg-struct-return -ffreestanding -fno-delete-null-pointer-checks -ffunction-sections -fdata-sections -fno-common -fno-merge-constants -fno-pie -fno-stack-protector -fstack-check=no -Wno-address-of-packed-member -Wno-array-bounds -fcf-protection=none -DMODE16=0 -DMODESEGMENT=0 -c src/cp437.c -o out/src/cp437.o
echo "  Compile checking out/src/hw/pci.o"
cc -Iout/ -Isrc -Os -MD -g -Wall -Wno-strict-aliasing -Wold-style-definition -Wtype-limits -m32 -march=i386 -mregparm=3 -mpreferred-stack-boundary=2 -minline-all-stringops -fomit-frame-pointer -freg-struct-return -ffreestanding -fno-delete-null-pointer-checks -ffunction-sections -fdata-sections -fno-common -fno-merge-constants -fno-pie -fno-stack-protector -fstack-check=no -Wno-address-of-packed-member -Wno-array-bounds -fcf-protection=none -DMODE16=0 -DMODESEGMENT=0 -c src/hw/pci.c -o out/src/hw/pci.o
echo "  Compile checking out/src/hw/timer.o"
cc -Iout/ -Isrc -Os -MD -g -Wall -Wno-strict-aliasing -Wold-style-definition -Wtype-limits -m32 -march=i386 -mregparm=3 -mpreferred-stack-boundary=2 -minline-all-stringops -fomit-frame-pointer -freg-struct-return -ffreestanding -fno-delete-null-pointer-checks -ffunction-sections -fdata-sections -fno-common -fno-merge-constants -fno-pie -fno-stack-protector -fstack-check=no -Wno-address-of-packed-member -Wno-array-bounds -fcf-protection=none -DMODE16=0 -DMODESEGMENT=0 -c src/hw/timer.c -o out/src/hw/timer.o
echo "  Compile checking out/src/hw/rtc.o"
cc -Iout/ -Isrc -Os -MD -g -Wall -Wno-strict-aliasing -Wold-style-definition -Wtype-limits -m32 -march=i386 -mregparm=3 -mpreferred-stack-boundary=2 -minline-all-stringops -fomit-frame-pointer -freg-struct-return -ffreestanding -fno-delete-null-pointer-checks -ffunction-sections -fdata-sections -fno-common -fno-merge-constants -fno-pie -fno-stack-protector -fstack-check=no -Wno-address-of-packed-member -Wno-array-bounds -fcf-protection=none -DMODE16=0 -DMODESEGMENT=0 -c src/hw/rtc.c -o out/src/hw/rtc.o
echo "  Compile checking out/src/hw/dma.o"
cc -Iout/ -Isrc -Os -MD -g -Wall -Wno-strict-aliasing -Wold-style-definition -Wtype-limits -m32 -march=i386 -mregparm=3 -mpreferred-stack-boundary=2 -minline-all-stringops -fomit-frame-pointer -freg-struct-return -ffreestanding -fno-delete-null-pointer-checks -ffunction-sections -fdata-sections -fno-common -fno-merge-constants -fno-pie -fno-stack-protector -fstack-check=no -Wno-address-of-packed-member -Wno-array-bounds -fcf-protection=none -DMODE16=0 -DMODESEGMENT=0 -c src/hw/dma.c -o out/src/hw/dma.o
echo "  Compile checking out/src/hw/pic.o"
cc -Iout/ -Isrc -Os -MD -g -Wall -Wno-strict-aliasing -Wold-style-definition -Wtype-limits -m32 -march=i386 -mregparm=3 -mpreferred-stack-boundary=2 -minline-all-stringops -fomit-frame-pointer -freg-struct-return -ffreestanding -fno-delete-null-pointer-checks -ffunction-sections -fdata-sections -fno-common -fno-merge-constants -fno-pie -fno-stack-protector -fstack-check=no -Wno-address-of-packed-member -Wno-array-bounds -fcf-protection=none -DMODE16=0 -DMODESEGMENT=0 -c src/hw/pic.c -o out/src/hw/pic.o
echo "  Compile checking out/src/hw/ps2port.o"
cc -Iout/ -Isrc -Os -MD -g -Wall -Wno-strict-aliasing -Wold-style-definition -Wtype-limits -m32 -march=i386 -mregparm=3 -mpreferred-stack-boundary=2 -minline-all-stringops -fomit-frame-pointer -freg-struct-return -ffreestanding -fno-delete-null-pointer-checks -ffunction-sections -fdata-sections -fno-common -fno-merge-constants -fno-pie -fno-stack-protector -fstack-check=no -Wno-address-of-packed-member -Wno-array-bounds -fcf-protection=none -DMODE16=0 -DMODESEGMENT=0 -c src/hw/ps2port.c -o out/src/hw/ps2port.o
echo "  Compile checking out/src/hw/serialio.o"
cc -Iout/ -Isrc -Os -MD -g -Wall -Wno-strict-aliasing -Wold-style-definition -Wtype-limits -m32 -march=i386 -mregparm=3 -mpreferred-stack-boundary=2 -minline-all-stringops -fomit-frame-pointer -freg-struct-return -ffreestanding -fno-delete-null-pointer-checks -ffunction-sections -fdata-sections -fno-common -fno-merge-constants -fno-pie -fno-stack-protector -fstack-check=no -Wno-address-of-packed-member -Wno-array-bounds -fcf-protection=none -DMODE16=0 -DMODESEGMENT=0 -c src/hw/serialio.c -o out/src/hw/serialio.o
echo "  Compile checking out/src/hw/usb.o"
cc -Iout/ -Isrc -Os -MD -g -Wall -Wno-strict-aliasing -Wold-style-definition -Wtype-limits -m32 -march=i386 -mregparm=3 -mpreferred-stack-boundary=2 -minline-all-stringops -fomit-frame-pointer -freg-struct-return -ffreestanding -fno-delete-null-pointer-checks -ffunction-sections -fdata-sections -fno-common -fno-merge-constants -fno-pie -fno-stack-protector -fstack-check=no -Wno-address-of-packed-member -Wno-array-bounds -fcf-protection=none -DMODE16=0 -DMODESEGMENT=0 -c src/hw/usb.c -o out/src/hw/usb.o
echo "  Compile checking out/src/hw/usb-uhci.o"
cc -Iout/ -Isrc -Os -MD -g -Wall -Wno-strict-aliasing -Wold-style-definition -Wtype-limits -m32 -march=i386 -mregparm=3 -mpreferred-stack-boundary=2 -minline-all-stringops -fomit-frame-pointer -freg-struct-return -ffreestanding -fno-delete-null-pointer-checks -ffunction-sections -fdata-sections -fno-common -fno-merge-constants -fno-pie -fno-stack-protector -fstack-check=no -Wno-address-of-packed-member -Wno-array-bounds -fcf-protection=none -DMODE16=0 -DMODESEGMENT=0 -c src/hw/usb-uhci.c -o out/src/hw/usb-uhci.o
echo "  Compile checking out/src/hw/usb-ohci.o"
cc -Iout/ -Isrc -Os -MD -g -Wall -Wno-strict-aliasing -Wold-style-definition -Wtype-limits -m32 -march=i386 -mregparm=3 -mpreferred-stack-boundary=2 -minline-all-stringops -fomit-frame-pointer -freg-struct-return -ffreestanding -fno-delete-null-pointer-checks -ffunction-sections -fdata-sections -fno-common -fno-merge-constants -fno-pie -fno-stack-protector -fstack-check=no -Wno-address-of-packed-member -Wno-array-bounds -fcf-protection=none -DMODE16=0 -DMODESEGMENT=0 -c src/hw/usb-ohci.c -o out/src/hw/usb-ohci.o
echo "  Compile checking out/src/hw/usb-ehci.o"
cc -Iout/ -Isrc -Os -MD -g -Wall -Wno-strict-aliasing -Wold-style-definition -Wtype-limits -m32 -march=i386 -mregparm=3 -mpreferred-stack-boundary=2 -minline-all-stringops -fomit-frame-pointer -freg-struct-return -ffreestanding -fno-delete-null-pointer-checks -ffunction-sections -fdata-sections -fno-common -fno-merge-constants -fno-pie -fno-stack-protector -fstack-check=no -Wno-address-of-packed-member -Wno-array-bounds -fcf-protection=none -DMODE16=0 -DMODESEGMENT=0 -c src/hw/usb-ehci.c -o out/src/hw/usb-ehci.o
echo "  Compile checking out/src/hw/usb-hid.o"
cc -Iout/ -Isrc -Os -MD -g -Wall -Wno-strict-aliasing -Wold-style-definition -Wtype-limits -m32 -march=i386 -mregparm=3 -mpreferred-stack-boundary=2 -minline-all-stringops -fomit-frame-pointer -freg-struct-return -ffreestanding -fno-delete-null-pointer-checks -ffunction-sections -fdata-sections -fno-common -fno-merge-constants -fno-pie -fno-stack-protector -fstack-check=no -Wno-address-of-packed-member -Wno-array-bounds -fcf-protection=none -DMODE16=0 -DMODESEGMENT=0 -c src/hw/usb-hid.c -o out/src/hw/usb-hid.o
echo "  Compile checking out/src/hw/usb-msc.o"
cc -Iout/ -Isrc -Os -MD -g -Wall -Wno-strict-aliasing -Wold-style-definition -Wtype-limits -m32 -march=i386 -mregparm=3 -mpreferred-stack-boundary=2 -minline-all-stringops -fomit-frame-pointer -freg-struct-return -ffreestanding -fno-delete-null-pointer-checks -ffunction-sections -fdata-sections -fno-common -fno-merge-constants -fno-pie -fno-stack-protector -fstack-check=no -Wno-address-of-packed-member -Wno-array-bounds -fcf-protection=none -DMODE16=0 -DMODESEGMENT=0 -c src/hw/usb-msc.c -o out/src/hw/usb-msc.o
echo "  Compile checking out/src/hw/usb-uas.o"
cc -Iout/ -Isrc -Os -MD -g -Wall -Wno-strict-aliasing -Wold-style-definition -Wtype-limits -m32 -march=i386 -mregparm=3 -mpreferred-stack-boundary=2 -minline-all-stringops -fomit-frame-pointer -freg-struct-return -ffreestanding -fno-delete-null-pointer-checks -ffunction-sections -fdata-sections -fno-common -fno-merge-constants -fno-pie -fno-stack-protector -fstack-check=no -Wno-address-of-packed-member -Wno-array-bounds -fcf-protection=none -DMODE16=0 -DMODESEGMENT=0 -c src/hw/usb-uas.c -o out/src/hw/usb-uas.o
echo "  Compile checking out/src/hw/blockcmd.o"
cc -Iout/ -Isrc -Os -MD -g -Wall -Wno-strict-aliasing -Wold-style-definition -Wtype-limits -m32 -march=i386 -mregparm=3 -mpreferred-stack-boundary=2 -minline-all-stringops -fomit-frame-pointer -freg-struct-return -ffreestanding -fno-delete-null-pointer-checks -ffunction-sections -fdata-sections -fno-common -fno-merge-constants -fno-pie -fno-stack-protector -fstack-check=no -Wno-address-of-packed-member -Wno-array-bounds -fcf-protection=none -DMODE16=0 -DMODESEGMENT=0 -c src/hw/blockcmd.c -o out/src/hw/blockcmd.o
echo "  Compile checking out/src/hw/floppy.o"
cc -Iout/ -Isrc -Os -MD -g -Wall -Wno-strict-aliasing -Wold-style-definition -Wtype-limits -m32 -march=i386 -mregparm=3 -mpreferred-stack-boundary=2 -minline-all-stringops -fomit-frame-pointer -freg-struct-return -ffreestanding -fno-delete-null-pointer-checks -ffunction-sections -fdata-sections -fno-common -fno-merge-constants -fno-pie -fno-stack-protector -fstack-check=no -Wno-address-of-packed-member -Wno-array-bounds -fcf-protection=none -DMODE16=0 -DMODESEGMENT=0 -c src/hw/floppy.c -o out/src/hw/floppy.o
echo "  Compile checking out/src/hw/ata.o"
cc -Iout/ -Isrc -Os -MD -g -Wall -Wno-strict-aliasing -Wold-style-definition -Wtype-limits -m32 -march=i386 -mregparm=3 -mpreferred-stack-boundary=2 -minline-all-stringops -fomit-frame-pointer -freg-struct-return -ffreestanding -fno-delete-null-pointer-checks -ffunction-sections -fdata-sections -fno-common -fno-merge-constants -fno-pie -fno-stack-protector -fstack-check=no -Wno-address-of-packed-member -Wno-array-bounds -fcf-protection=none -DMODE16=0 -DMODESEGMENT=0 -c src/hw/ata.c -o out/src/hw/ata.o
echo "  Compile checking out/src/hw/ramdisk.o"
cc -Iout/ -Isrc -Os -MD -g -Wall -Wno-strict-aliasing -Wold-style-definition -Wtype-limits -m32 -march=i386 -mregparm=3 -mpreferred-stack-boundary=2 -minline-all-stringops -fomit-frame-pointer -freg-struct-return -ffreestanding -fno-delete-null-pointer-checks -ffunction-sections -fdata-sections -fno-common -fno-merge-constants -fno-pie -fno-stack-protector -fstack-check=no -Wno-address-of-packed-member -Wno-array-bounds -fcf-protection=none -DMODE16=0 -DMODESEGMENT=0 -c src/hw/ramdisk.c -o out/src/hw/ramdisk.o
echo "  Compile checking out/src/hw/lsi-scsi.o"
cc -Iout/ -Isrc -Os -MD -g -Wall -Wno-strict-aliasing -Wold-style-definition -Wtype-limits -m32 -march=i386 -mregparm=3 -mpreferred-stack-boundary=2 -minline-all-stringops -fomit-frame-pointer -freg-struct-return -ffreestanding -fno-delete-null-pointer-checks -ffunction-sections -fdata-sections -fno-common -fno-merge-constants -fno-pie -fno-stack-protector -fstack-check=no -Wno-address-of-packed-member -Wno-array-bounds -fcf-protection=none -DMODE16=0 -DMODESEGMENT=0 -c src/hw/lsi-scsi.c -o out/src/hw/lsi-scsi.o
echo "  Compile checking out/src/hw/esp-scsi.o"
cc -Iout/ -Isrc -Os -MD -g -Wall -Wno-strict-aliasing -Wold-style-definition -Wtype-limits -m32 -march=i386 -mregparm=3 -mpreferred-stack-boundary=2 -minline-all-stringops -fomit-frame-pointer -freg-struct-return -ffreestanding -fno-delete-null-pointer-checks -ffunction-sections -fdata-sections -fno-common -fno-merge-constants -fno-pie -fno-stack-protector -fstack-check=no -Wno-address-of-packed-member -Wno-array-bounds -fcf-protection=none -DMODE16=0 -DMODESEGMENT=0 -c src/hw/esp-scsi.c -o out/src/hw/esp-scsi.o
echo "  Compile checking out/src/hw/megasas.o"
cc -Iout/ -Isrc -Os -MD -g -Wall -Wno-strict-aliasing -Wold-style-definition -Wtype-limits -m32 -march=i386 -mregparm=3 -mpreferred-stack-boundary=2 -minline-all-stringops -fomit-frame-pointer -freg-struct-return -ffreestanding -fno-delete-null-pointer-checks -ffunction-sections -fdata-sections -fno-common -fno-merge-constants -fno-pie -fno-stack-protector -fstack-check=no -Wno-address-of-packed-member -Wno-array-bounds -fcf-protection=none -DMODE16=0 -DMODESEGMENT=0 -c src/hw/megasas.c -o out/src/hw/megasas.o
echo "  Compile checking out/src/hw/mpt-scsi.o"
cc -Iout/ -Isrc -Os -MD -g -Wall -Wno-strict-aliasing -Wold-style-definition -Wtype-limits -m32 -march=i386 -mregparm=3 -mpreferred-stack-boundary=2 -minline-all-stringops -fomit-frame-pointer -freg-struct-return -ffreestanding -fno-delete-null-pointer-checks -ffunction-sections -fdata-sections -fno-common -fno-merge-constants -fno-pie -fno-stack-protector -fstack-check=no -Wno-address-of-packed-member -Wno-array-bounds -fcf-protection=none -DMODE16=0 -DMODESEGMENT=0 -c src/hw/mpt-scsi.c -o out/src/hw/mpt-scsi.o
echo "  Compile checking out/src/post.o"
cc -Iout/ -Isrc -Os -MD -g -Wall -Wno-strict-aliasing -Wold-style-definition -Wtype-limits -m32 -march=i386 -mregparm=3 -mpreferred-stack-boundary=2 -minline-all-stringops -fomit-frame-pointer -freg-struct-return -ffreestanding -fno-delete-null-pointer-checks -ffunction-sections -fdata-sections -fno-common -fno-merge-constants -fno-pie -fno-stack-protector -fstack-check=no -Wno-address-of-packed-member -Wno-array-bounds -fcf-protection=none -DMODE16=0 -DMODESEGMENT=0 -c src/post.c -o out/src/post.o
echo "  Compile checking out/src/e820map.o"
cc -Iout/ -Isrc -Os -MD -g -Wall -Wno-strict-aliasing -Wold-style-definition -Wtype-limits -m32 -march=i386 -mregparm=3 -mpreferred-stack-boundary=2 -minline-all-stringops -fomit-frame-pointer -freg-struct-return -ffreestanding -fno-delete-null-pointer-checks -ffunction-sections -fdata-sections -fno-common -fno-merge-constants -fno-pie -fno-stack-protector -fstack-check=no -Wno-address-of-packed-member -Wno-array-bounds -fcf-protection=none -DMODE16=0 -DMODESEGMENT=0 -c src/e820map.c -o out/src/e820map.o
echo "  Compile checking out/src/malloc.o"
cc -Iout/ -Isrc -Os -MD -g -Wall -Wno-strict-aliasing -Wold-style-definition -Wtype-limits -m32 -march=i386 -mregparm=3 -mpreferred-stack-boundary=2 -minline-all-stringops -fomit-frame-pointer -freg-struct-return -ffreestanding -fno-delete-null-pointer-checks -ffunction-sections -fdata-sections -fno-common -fno-merge-constants -fno-pie -fno-stack-protector -fstack-check=no -Wno-address-of-packed-member -Wno-array-bounds -fcf-protection=none -DMODE16=0 -DMODESEGMENT=0 -c src/malloc.c -o out/src/malloc.o
echo "  Compile checking out/src/romfile.o"
cc -Iout/ -Isrc -Os -MD -g -Wall -Wno-strict-aliasing -Wold-style-definition -Wtype-limits -m32 -march=i386 -mregparm=3 -mpreferred-stack-boundary=2 -minline-all-stringops -fomit-frame-pointer -freg-struct-return -ffreestanding -fno-delete-null-pointer-checks -ffunction-sections -fdata-sections -fno-common -fno-merge-constants -fno-pie -fno-stack-protector -fstack-check=no -Wno-address-of-packed-member -Wno-array-bounds -fcf-protection=none -DMODE16=0 -DMODESEGMENT=0 -c src/romfile.c -o out/src/romfile.o
echo "  Compile checking out/src/x86.o"
cc -Iout/ -Isrc -Os -MD -g -Wall -Wno-strict-aliasing -Wold-style-definition -Wtype-limits -m32 -march=i386 -mregparm=3 -mpreferred-stack-boundary=2 -minline-all-stringops -fomit-frame-pointer -freg-struct-return -ffreestanding -fno-delete-null-pointer-checks -ffunction-sections -fdata-sections -fno-common -fno-merge-constants -fno-pie -fno-stack-protector -fstack-check=no -Wno-address-of-packed-member -Wno-array-bounds -fcf-protection=none -DMODE16=0 -DMODESEGMENT=0 -c src/x86.c -o out/src/x86.o
echo "  Compile checking out/src/optionroms.o"
cc -Iout/ -Isrc -Os -MD -g -Wall -Wno-strict-aliasing -Wold-style-definition -Wtype-limits -m32 -march=i386 -mregparm=3 -mpreferred-stack-boundary=2 -minline-all-stringops -fomit-frame-pointer -freg-struct-return -ffreestanding -fno-delete-null-pointer-checks -ffunction-sections -fdata-sections -fno-common -fno-merge-constants -fno-pie -fno-stack-protector -fstack-check=no -Wno-address-of-packed-member -Wno-array-bounds -fcf-protection=none -DMODE16=0 -DMODESEGMENT=0 -c src/optionroms.c -o out/src/optionroms.o
echo "  Compile checking out/src/pmm.o"
cc -Iout/ -Isrc -Os -MD -g -Wall -Wno-strict-aliasing -Wold-style-definition -Wtype-limits -m32 -march=i386 -mregparm=3 -mpreferred-stack-boundary=2 -minline-all-stringops -fomit-frame-pointer -freg-struct-return -ffreestanding -fno-delete-null-pointer-checks -ffunction-sections -fdata-sections -fno-common -fno-merge-constants -fno-pie -fno-stack-protector -fstack-check=no -Wno-address-of-packed-member -Wno-array-bounds -fcf-protection=none -DMODE16=0 -DMODESEGMENT=0 -c src/pmm.c -o out/src/pmm.o
echo "  Compile checking out/src/font.o"
cc -Iout/ -Isrc -Os -MD -g -Wall -Wno-strict-aliasing -Wold-style-definition -Wtype-limits -m32 -march=i386 -mregparm=3 -mpreferred-stack-boundary=2 -minline-all-stringops -fomit-frame-pointer -freg-struct-return -ffreestanding -fno-delete-null-pointer-checks -ffunction-sections -fdata-sections -fno-common -fno-merge-constants -fno-pie -fno-stack-protector -fstack-check=no -Wno-address-of-packed-member -Wno-array-bounds -fcf-protection=none -DMODE16=0 -DMODESEGMENT=0 -c src/font.c -o out/src/font.o
echo "  Compile checking out/src/boot.o"
cc -Iout/ -Isrc -Os -MD -g -Wall -Wno-strict-aliasing -Wold-style-definition -Wtype-limits -m32 -march=i386 -mregparm=3 -mpreferred-stack-boundary=2 -minline-all-stringops -fomit-frame-pointer -freg-struct-return -ffreestanding -fno-delete-null-pointer-checks -ffunction-sections -fdata-sections -fno-common -fno-merge-constants -fno-pie -fno-stack-protector -fstack-check=no -Wno-address-of-packed-member -Wno-array-bounds -fcf-protection=none -DMODE16=0 -DMODESEGMENT=0 -c src/boot.c -o out/src/boot.o
echo "  Compile checking out/src/bootsplash.o"
cc -Iout/ -Isrc -Os -MD -g -Wall -Wno-strict-aliasing -Wold-style-definition -Wtype-limits -m32 -march=i386 -mregparm=3 -mpreferred-stack-boundary=2 -minline-all-stringops -fomit-frame-pointer -freg-struct-return -ffreestanding -fno-delete-null-pointer-checks -ffunction-sections -fdata-sections -fno-common -fno-merge-constants -fno-pie -fno-stack-protector -fstack-check=no -Wno-address-of-packed-member -Wno-array-bounds -fcf-protection=none -DMODE16=0 -DMODESEGMENT=0 -c src/bootsplash.c -o out/src/bootsplash.o
echo "  Compile checking out/src/jpeg.o"
cc -Iout/ -Isrc -Os -MD -g -Wall -Wno-strict-aliasing -Wold-style-definition -Wtype-limits -m32 -march=i386 -mregparm=3 -mpreferred-stack-boundary=2 -minline-all-stringops -fomit-frame-pointer -freg-struct-return -ffreestanding -fno-delete-null-pointer-checks -ffunction-sections -fdata-sections -fno-common -fno-merge-constants -fno-pie -fno-stack-protector -fstack-check=no -Wno-address-of-packed-member -Wno-array-bounds -fcf-protection=none -DMODE16=0 -DMODESEGMENT=0 -c src/jpeg.c -o out/src/jpeg.o
echo "  Compile checking out/src/bmp.o"
cc -Iout/ -Isrc -Os -MD -g -Wall -Wno-strict-aliasing -Wold-style-definition -Wtype-limits -m32 -march=i386 -mregparm=3 -mpreferred-stack-boundary=2 -minline-all-stringops -fomit-frame-pointer -freg-struct-return -ffreestanding -fno-delete-null-pointer-checks -ffunction-sections -fdata-sections -fno-common -fno-merge-constants -fno-pie -fno-stack-protector -fstack-check=no -Wno-address-of-packed-member -Wno-array-bounds -fcf-protection=none -DMODE16=0 -DMODESEGMENT=0 -c src/bmp.c -o out/src/bmp.o
echo "  Compile checking out/src/tcgbios.o"
cc -Iout/ -Isrc -Os -MD -g -Wall -Wno-strict-aliasing -Wold-style-definition -Wtype-limits -m32 -march=i386 -mregparm=3 -mpreferred-stack-boundary=2 -minline-all-stringops -fomit-frame-pointer -freg-struct-return -ffreestanding -fno-delete-null-pointer-checks -ffunction-sections -fdata-sections -fno-common -fno-merge-constants -fno-pie -fno-stack-protector -fstack-check=no -Wno-address-of-packed-member -Wno-array-bounds -fcf-protection=none -DMODE16=0 -DMODESEGMENT=0 -c src/tcgbios.c -o out/src/tcgbios.o
echo "  Compile checking out/src/sha1.o"
cc -Iout/ -Isrc -Os -MD -g -Wall -Wno-strict-aliasing -Wold-style-definition -Wtype-limits -m32 -march=i386 -mregparm=3 -mpreferred-stack-boundary=2 -minline-all-stringops -fomit-frame-pointer -freg-struct-return -ffreestanding -fno-delete-null-pointer-checks -ffunction-sections -fdata-sections -fno-common -fno-merge-constants -fno-pie -fno-stack-protector -fstack-check=no -Wno-address-of-packed-member -Wno-array-bounds -fcf-protection=none -DMODE16=0 -DMODESEGMENT=0 -c src/sha1.c -o out/src/sha1.o
echo "  Compile checking out/src/hw/pcidevice.o"
cc -Iout/ -Isrc -Os -MD -g -Wall -Wno-strict-aliasing -Wold-style-definition -Wtype-limits -m32 -march=i386 -mregparm=3 -mpreferred-stack-boundary=2 -minline-all-stringops -fomit-frame-pointer -freg-struct-return -ffreestanding -fno-delete-null-pointer-checks -ffunction-sections -fdata-sections -fno-common -fno-merge-constants -fno-pie -fno-stack-protector -fstack-check=no -Wno-address-of-packed-member -Wno-array-bounds -fcf-protection=none -DMODE16=0 -DMODESEGMENT=0 -c src/hw/pcidevice.c -o out/src/hw/pcidevice.o
echo "  Compile checking out/src/hw/ahci.o"
cc -Iout/ -Isrc -Os -MD -g -Wall -Wno-strict-aliasing -Wold-style-definition -Wtype-limits -m32 -march=i386 -mregparm=3 -mpreferred-stack-boundary=2 -minline-all-stringops -fomit-frame-pointer -freg-struct-return -ffreestanding -fno-delete-null-pointer-checks -ffunction-sections -fdata-sections -fno-common -fno-merge-constants -fno-pie -fno-stack-protector -fstack-check=no -Wno-address-of-packed-member -Wno-array-bounds -fcf-protection=none -DMODE16=0 -DMODESEGMENT=0 -c src/hw/ahci.c -o out/src/hw/ahci.o
echo "  Compile checking out/src/hw/pvscsi.o"
cc -Iout/ -Isrc -Os -MD -g -Wall -Wno-strict-aliasing -Wold-style-definition -Wtype-limits -m32 -march=i386 -mregparm=3 -mpreferred-stack-boundary=2 -minline-all-stringops -fomit-frame-pointer -freg-struct-return -ffreestanding -fno-delete-null-pointer-checks -ffunction-sections -fdata-sections -fno-common -fno-merge-constants -fno-pie -fno-stack-protector -fstack-check=no -Wno-address-of-packed-member -Wno-array-bounds -fcf-protection=none -DMODE16=0 -DMODESEGMENT=0 -c src/hw/pvscsi.c -o out/src/hw/pvscsi.o
echo "  Compile checking out/src/hw/usb-xhci.o"
cc -Iout/ -Isrc -Os -MD -g -Wall -Wno-strict-aliasing -Wold-style-definition -Wtype-limits -m32 -march=i386 -mregparm=3 -mpreferred-stack-boundary=2 -minline-all-stringops -fomit-frame-pointer -freg-struct-return -ffreestanding -fno-delete-null-pointer-checks -ffunction-sections -fdata-sections -fno-common -fno-merge-constants -fno-pie -fno-stack-protector -fstack-check=no -Wno-address-of-packed-member -Wno-array-bounds -fcf-protection=none -DMODE16=0 -DMODESEGMENT=0 -c src/hw/usb-xhci.c -o out/src/hw/usb-xhci.o
echo "  Compile checking out/src/hw/usb-hub.o"
cc -Iout/ -Isrc -Os -MD -g -Wall -Wno-strict-aliasing -Wold-style-definition -Wtype-limits -m32 -march=i386 -mregparm=3 -mpreferred-stack-boundary=2 -minline-all-stringops -fomit-frame-pointer -freg-struct-return -ffreestanding -fno-delete-null-pointer-checks -ffunction-sections -fdata-sections -fno-common -fno-merge-constants -fno-pie -fno-stack-protector -fstack-check=no -Wno-address-of-packed-member -Wno-array-bounds -fcf-protection=none -DMODE16=0 -DMODESEGMENT=0 -c src/hw/usb-hub.c -o out/src/hw/usb-hub.o
echo "  Compile checking out/src/hw/sdcard.o"
cc -Iout/ -Isrc -Os -MD -g -Wall -Wno-strict-aliasing -Wold-style-definition -Wtype-limits -m32 -march=i386 -mregparm=3 -mpreferred-stack-boundary=2 -minline-all-stringops -fomit-frame-pointer -freg-struct-return -ffreestanding -fno-delete-null-pointer-checks -ffunction-sections -fdata-sections -fno-common -fno-merge-constants -fno-pie -fno-stack-protector -fstack-check=no -Wno-address-of-packed-member -Wno-array-bounds -fcf-protection=none -DMODE16=0 -DMODESEGMENT=0 -c src/hw/sdcard.c -o out/src/hw/sdcard.o
echo "  Compile checking out/src/fw/coreboot.o"
cc -Iout/ -Isrc -Os -MD -g -Wall -Wno-strict-aliasing -Wold-style-definition -Wtype-limits -m32 -march=i386 -mregparm=3 -mpreferred-stack-boundary=2 -minline-all-stringops -fomit-frame-pointer -freg-struct-return -ffreestanding -fno-delete-null-pointer-checks -ffunction-sections -fdata-sections -fno-common -fno-merge-constants -fno-pie -fno-stack-protector -fstack-check=no -Wno-address-of-packed-member -Wno-array-bounds -fcf-protection=none -DMODE16=0 -DMODESEGMENT=0 -c src/fw/coreboot.c -o out/src/fw/coreboot.o
echo "  Compile checking out/src/fw/lzmadecode.o"
cc -Iout/ -Isrc -Os -MD -g -Wall -Wno-strict-aliasing -Wold-style-definition -Wtype-limits -m32 -march=i386 -mregparm=3 -mpreferred-stack-boundary=2 -minline-all-stringops -fomit-frame-pointer -freg-struct-return -ffreestanding -fno-delete-null-pointer-checks -ffunction-sections -fdata-sections -fno-common -fno-merge-constants -fno-pie -fno-stack-protector -fstack-check=no -Wno-address-of-packed-member -Wno-array-bounds -fcf-protection=none -DMODE16=0 -DMODESEGMENT=0 -c src/fw/lzmadecode.c -o out/src/fw/lzmadecode.o
echo "  Compile checking out/src/fw/multiboot.o"
cc -Iout/ -Isrc -Os -MD -g -Wall -Wno-strict-aliasing -Wold-style-definition -Wtype-limits -m32 -march=i386 -mregparm=3 -mpreferred-stack-boundary=2 -minline-all-stringops -fomit-frame-pointer -freg-struct-return -ffreestanding -fno-delete-null-pointer-checks -ffunction-sections -fdata-sections -fno-common -fno-merge-constants -fno-pie -fno-stack-protector -fstack-check=no -Wno-address-of-packed-member -Wno-array-bounds -fcf-protection=none -DMODE16=0 -DMODESEGMENT=0 -c src/fw/multiboot.c -o out/src/fw/multiboot.o
echo "  Compile checking out/src/fw/csm.o"
cc -Iout/ -Isrc -Os -MD -g -Wall -Wno-strict-aliasing -Wold-style-definition -Wtype-limits -m32 -march=i386 -mregparm=3 -mpreferred-stack-boundary=2 -minline-all-stringops -fomit-frame-pointer -freg-struct-return -ffreestanding -fno-delete-null-pointer-checks -ffunction-sections -fdata-sections -fno-common -fno-merge-constants -fno-pie -fno-stack-protector -fstack-check=no -Wno-address-of-packed-member -Wno-array-bounds -fcf-protection=none -DMODE16=0 -DMODESEGMENT=0 -c src/fw/csm.c -o out/src/fw/csm.o
echo "  Compile checking out/src/fw/biostables.o"
cc -Iout/ -Isrc -Os -MD -g -Wall -Wno-strict-aliasing -Wold-style-definition -Wtype-limits -m32 -march=i386 -mregparm=3 -mpreferred-stack-boundary=2 -minline-all-stringops -fomit-frame-pointer -freg-struct-return -ffreestanding -fno-delete-null-pointer-checks -ffunction-sections -fdata-sections -fno-common -fno-merge-constants -fno-pie -fno-stack-protector -fstack-check=no -Wno-address-of-packed-member -Wno-array-bounds -fcf-protection=none -DMODE16=0 -DMODESEGMENT=0 -c src/fw/biostables.c -o out/src/fw/biostables.o
echo "  Compile checking out/src/fw/paravirt.o"
cc -Iout/ -Isrc -Os -MD -g -Wall -Wno-strict-aliasing -Wold-style-definition -Wtype-limits -m32 -march=i386 -mregparm=3 -mpreferred-stack-boundary=2 -minline-all-stringops -fomit-frame-pointer -freg-struct-return -ffreestanding -fno-delete-null-pointer-checks -ffunction-sections -fdata-sections -fno-common -fno-merge-constants -fno-pie -fno-stack-protector -fstack-check=no -Wno-address-of-packed-member -Wno-array-bounds -fcf-protection=none -DMODE16=0 -DMODESEGMENT=0 -c src/fw/paravirt.c -o out/src/fw/paravirt.o
echo "  Compile checking out/src/fw/shadow.o"
cc -Iout/ -Isrc -Os -MD -g -Wall -Wno-strict-aliasing -Wold-style-definition -Wtype-limits -m32 -march=i386 -mregparm=3 -mpreferred-stack-boundary=2 -minline-all-stringops -fomit-frame-pointer -freg-struct-return -ffreestanding -fno-delete-null-pointer-checks -ffunction-sections -fdata-sections -fno-common -fno-merge-constants -fno-pie -fno-stack-protector -fstack-check=no -Wno-address-of-packed-member -Wno-array-bounds -fcf-protection=none -DMODE16=0 -DMODESEGMENT=0 -c src/fw/shadow.c -o out/src/fw/shadow.o
echo "  Compile checking out/src/fw/pciinit.o"
cc -Iout/ -Isrc -Os -MD -g -Wall -Wno-strict-aliasing -Wold-style-definition -Wtype-limits -m32 -march=i386 -mregparm=3 -mpreferred-stack-boundary=2 -minline-all-stringops -fomit-frame-pointer -freg-struct-return -ffreestanding -fno-delete-null-pointer-checks -ffunction-sections -fdata-sections -fno-common -fno-merge-constants -fno-pie -fno-stack-protector -fstack-check=no -Wno-address-of-packed-member -Wno-array-bounds -fcf-protection=none -DMODE16=0 -DMODESEGMENT=0 -c src/fw/pciinit.c -o out/src/fw/pciinit.o
echo "  Compile checking out/src/fw/smm.o"
cc -Iout/ -Isrc -Os -MD -g -Wall -Wno-strict-aliasing -Wold-style-definition -Wtype-limits -m32 -march=i386 -mregparm=3 -mpreferred-stack-boundary=2 -minline-all-stringops -fomit-frame-pointer -freg-struct-return -ffreestanding -fno-delete-null-pointer-checks -ffunction-sections -fdata-sections -fno-common -fno-merge-constants -fno-pie -fno-stack-protector -fstack-check=no -Wno-address-of-packed-member -Wno-array-bounds -fcf-protection=none -DMODE16=0 -DMODESEGMENT=0 -c src/fw/smm.c -o out/src/fw/smm.o
echo "  Compile checking out/src/fw/smp.o"
cc -Iout/ -Isrc -Os -MD -g -Wall -Wno-strict-aliasing -Wold-style-definition -Wtype-limits -m32 -march=i386 -mregparm=3 -mpreferred-stack-boundary=2 -minline-all-stringops -fomit-frame-pointer -freg-struct-return -ffreestanding -fno-delete-null-pointer-checks -ffunction-sections -fdata-sections -fno-common -fno-merge-constants -fno-pie -fno-stack-protector -fstack-check=no -Wno-address-of-packed-member -Wno-array-bounds -fcf-protection=none -DMODE16=0 -DMODESEGMENT=0 -c src/fw/smp.c -o out/src/fw/smp.o
echo "  Compile checking out/src/fw/mtrr.o"
cc -Iout/ -Isrc -Os -MD -g -Wall -Wno-strict-aliasing -Wold-style-definition -Wtype-limits -m32 -march=i386 -mregparm=3 -mpreferred-stack-boundary=2 -minline-all-stringops -fomit-frame-pointer -freg-struct-return -ffreestanding -fno-delete-null-pointer-checks -ffunction-sections -fdata-sections -fno-common -fno-merge-constants -fno-pie -fno-stack-protector -fstack-check=no -Wno-address-of-packed-member -Wno-array-bounds -fcf-protection=none -DMODE16=0 -DMODESEGMENT=0 -c src/fw/mtrr.c -o out/src/fw/mtrr.o
echo "  Compile checking out/src/fw/xen.o"
cc -Iout/ -Isrc -Os -MD -g -Wall -Wno-strict-aliasing -Wold-style-definition -Wtype-limits -m32 -march=i386 -mregparm=3 -mpreferred-stack-boundary=2 -minline-all-stringops -fomit-frame-pointer -freg-struct-return -ffreestanding -fno-delete-null-pointer-checks -ffunction-sections -fdata-sections -fno-common -fno-merge-constants -fno-pie -fno-stack-protector -fstack-check=no -Wno-address-of-packed-member -Wno-array-bounds -fcf-protection=none -DMODE16=0 -DMODESEGMENT=0 -c src/fw/xen.c -o out/src/fw/xen.o
echo "  Compile checking out/src/fw/acpi.o"
cc -Iout/ -Isrc -Os -MD -g -Wall -Wno-strict-aliasing -Wold-style-definition -Wtype-limits -m32 -march=i386 -mregparm=3 -mpreferred-stack-boundary=2 -minline-all-stringops -fomit-frame-pointer -freg-struct-return -ffreestanding -fno-delete-null-pointer-checks -ffunction-sections -fdata-sections -fno-common -fno-merge-constants -fno-pie -fno-stack-protector -fstack-check=no -Wno-address-of-packed-member -Wno-array-bounds -fcf-protection=none -DMODE16=0 -DMODESEGMENT=0 -c src/fw/acpi.c -o out/src/fw/acpi.o
echo "  Compile checking out/src/fw/mptable.o"
cc -Iout/ -Isrc -Os -MD -g -Wall -Wno-strict-aliasing -Wold-style-definition -Wtype-limits -m32 -march=i386 -mregparm=3 -mpreferred-stack-boundary=2 -minline-all-stringops -fomit-frame-pointer -freg-struct-return -ffreestanding -fno-delete-null-pointer-checks -ffunction-sections -fdata-sections -fno-common -fno-merge-constants -fno-pie -fno-stack-protector -fstack-check=no -Wno-address-of-packed-member -Wno-array-bounds -fcf-protection=none -DMODE16=0 -DMODESEGMENT=0 -c src/fw/mptable.c -o out/src/fw/mptable.o
echo "  Compile checking out/src/fw/pirtable.o"
cc -Iout/ -Isrc -Os -MD -g -Wall -Wno-strict-aliasing -Wold-style-definition -Wtype-limits -m32 -march=i386 -mregparm=3 -mpreferred-stack-boundary=2 -minline-all-stringops -fomit-frame-pointer -freg-struct-return -ffreestanding -fno-delete-null-pointer-checks -ffunction-sections -fdata-sections -fno-common -fno-merge-constants -fno-pie -fno-stack-protector -fstack-check=no -Wno-address-of-packed-member -Wno-array-bounds -fcf-protection=none -DMODE16=0 -DMODESEGMENT=0 -c src/fw/pirtable.c -o out/src/fw/pirtable.o
echo "  Compile checking out/src/fw/smbios.o"
cc -Iout/ -Isrc -Os -MD -g -Wall -Wno-strict-aliasing -Wold-style-definition -Wtype-limits -m32 -march=i386 -mregparm=3 -mpreferred-stack-boundary=2 -minline-all-stringops -fomit-frame-pointer -freg-struct-return -ffreestanding -fno-delete-null-pointer-checks -ffunction-sections -fdata-sections -fno-common -fno-merge-constants -fno-pie -fno-stack-protector -fstack-check=no -Wno-address-of-packed-member -Wno-array-bounds -fcf-protection=none -DMODE16=0 -DMODESEGMENT=0 -c src/fw/smbios.c -o out/src/fw/smbios.o
echo "  Compile checking out/src/fw/romfile_loader.o"
cc -Iout/ -Isrc -Os -MD -g -Wall -Wno-strict-aliasing -Wold-style-definition -Wtype-limits -m32 -march=i386 -mregparm=3 -mpreferred-stack-boundary=2 -minline-all-stringops -fomit-frame-pointer -freg-struct-return -ffreestanding -fno-delete-null-pointer-checks -ffunction-sections -fdata-sections -fno-common -fno-merge-constants -fno-pie -fno-stack-protector -fstack-check=no -Wno-address-of-packed-member -Wno-array-bounds -fcf-protection=none -DMODE16=0 -DMODESEGMENT=0 -c src/fw/romfile_loader.c -o out/src/fw/romfile_loader.o
echo "  Compile checking out/src/fw/dsdt_parser.o"
cc -Iout/ -Isrc -Os -MD -g -Wall -Wno-strict-aliasing -Wold-style-definition -Wtype-limits -m32 -march=i386 -mregparm=3 -mpreferred-stack-boundary=2 -minline-all-stringops -fomit-frame-pointer -freg-struct-return -ffreestanding -fno-delete-null-pointer-checks -ffunction-sections -fdata-sections -fno-common -fno-merge-constants -fno-pie -fno-stack-protector -fstack-check=no -Wno-address-of-packed-member -Wno-array-bounds -fcf-protection=none -DMODE16=0 -DMODESEGMENT=0 -c src/fw/dsdt_parser.c -o out/src/fw/dsdt_parser.o
echo "  Compile checking out/src/hw/virtio-ring.o"
cc -Iout/ -Isrc -Os -MD -g -Wall -Wno-strict-aliasing -Wold-style-definition -Wtype-limits -m32 -march=i386 -mregparm=3 -mpreferred-stack-boundary=2 -minline-all-stringops -fomit-frame-pointer -freg-struct-return -ffreestanding -fno-delete-null-pointer-checks -ffunction-sections -fdata-sections -fno-common -fno-merge-constants -fno-pie -fno-stack-protector -fstack-check=no -Wno-address-of-packed-member -Wno-array-bounds -fcf-protection=none -DMODE16=0 -DMODESEGMENT=0 -c src/hw/virtio-ring.c -o out/src/hw/virtio-ring.o
echo "  Compile checking out/src/hw/virtio-pci.o"
cc -Iout/ -Isrc -Os -MD -g -Wall -Wno-strict-aliasing -Wold-style-definition -Wtype-limits -m32 -march=i386 -mregparm=3 -mpreferred-stack-boundary=2 -minline-all-stringops -fomit-frame-pointer -freg-struct-return -ffreestanding -fno-delete-null-pointer-checks -ffunction-sections -fdata-sections -fno-common -fno-merge-constants -fno-pie -fno-stack-protector -fstack-check=no -Wno-address-of-packed-member -Wno-array-bounds -fcf-protection=none -DMODE16=0 -DMODESEGMENT=0 -c src/hw/virtio-pci.c -o out/src/hw/virtio-pci.o
echo "  Compile checking out/src/hw/virtio-mmio.o"
cc -Iout/ -Isrc -Os -MD -g -Wall -Wno-strict-aliasing -Wold-style-definition -Wtype-limits -m32 -march=i386 -mregparm=3 -mpreferred-stack-boundary=2 -minline-all-stringops -fomit-frame-pointer -freg-struct-return -ffreestanding -fno-delete-null-pointer-checks -ffunction-sections -fdata-sections -fno-common -fno-merge-constants -fno-pie -fno-stack-protector -fstack-check=no -Wno-address-of-packed-member -Wno-array-bounds -fcf-protection=none -DMODE16=0 -DMODESEGMENT=0 -c src/hw/virtio-mmio.c -o out/src/hw/virtio-mmio.o
echo "  Compile checking out/src/hw/virtio-blk.o"
cc -Iout/ -Isrc -Os -MD -g -Wall -Wno-strict-aliasing -Wold-style-definition -Wtype-limits -m32 -march=i386 -mregparm=3 -mpreferred-stack-boundary=2 -minline-all-stringops -fomit-frame-pointer -freg-struct-return -ffreestanding -fno-delete-null-pointer-checks -ffunction-sections -fdata-sections -fno-common -fno-merge-constants -fno-pie -fno-stack-protector -fstack-check=no -Wno-address-of-packed-member -Wno-array-bounds -fcf-protection=none -DMODE16=0 -DMODESEGMENT=0 -c src/hw/virtio-blk.c -o out/src/hw/virtio-blk.o
echo "  Compile checking out/src/hw/virtio-scsi.o"
cc -Iout/ -Isrc -Os -MD -g -Wall -Wno-strict-aliasing -Wold-style-definition -Wtype-limits -m32 -march=i386 -mregparm=3 -mpreferred-stack-boundary=2 -minline-all-stringops -fomit-frame-pointer -freg-struct-return -ffreestanding -fno-delete-null-pointer-checks -ffunction-sections -fdata-sections -fno-common -fno-merge-constants -fno-pie -fno-stack-protector -fstack-check=no -Wno-address-of-packed-member -Wno-array-bounds -fcf-protection=none -DMODE16=0 -DMODESEGMENT=0 -c src/hw/virtio-scsi.c -o out/src/hw/virtio-scsi.o
echo "  Compile checking out/src/hw/tpm_drivers.o"
cc -Iout/ -Isrc -Os -MD -g -Wall -Wno-strict-aliasing -Wold-style-definition -Wtype-limits -m32 -march=i386 -mregparm=3 -mpreferred-stack-boundary=2 -minline-all-stringops -fomit-frame-pointer -freg-struct-return -ffreestanding -fno-delete-null-pointer-checks -ffunction-sections -fdata-sections -fno-common -fno-merge-constants -fno-pie -fno-stack-protector -fstack-check=no -Wno-address-of-packed-member -Wno-array-bounds -fcf-protection=none -DMODE16=0 -DMODESEGMENT=0 -c src/hw/tpm_drivers.c -o out/src/hw/tpm_drivers.o
echo "  Compile checking out/src/hw/nvme.o"
cc -Iout/ -Isrc -Os -MD -g -Wall -Wno-strict-aliasing -Wold-style-definition -Wtype-limits -m32 -march=i386 -mregparm=3 -mpreferred-stack-boundary=2 -minline-all-stringops -fomit-frame-pointer -freg-struct-return -ffreestanding -fno-delete-null-pointer-checks -ffunction-sections -fdata-sections -fno-common -fno-merge-constants -fno-pie -fno-stack-protector -fstack-check=no -Wno-address-of-packed-member -Wno-array-bounds -fcf-protection=none -DMODE16=0 -DMODESEGMENT=0 -c src/hw/nvme.c -o out/src/hw/nvme.o
echo "  Compile checking out/src/sha256.o"
cc -Iout/ -Isrc -Os -MD -g -Wall -Wno-strict-aliasing -Wold-style-definition -Wtype-limits -m32 -march=i386 -mregparm=3 -mpreferred-stack-boundary=2 -minline-all-stringops -fomit-frame-pointer -freg-struct-return -ffreestanding -fno-delete-null-pointer-checks -ffunction-sections -fdata-sections -fno-common -fno-merge-constants -fno-pie -fno-stack-protector -fstack-check=no -Wno-address-of-packed-member -Wno-array-bounds -fcf-protection=none -DMODE16=0 -DMODESEGMENT=0 -c src/sha256.c -o out/src/sha256.o
echo "  Compile checking out/src/sha512.o"
cc -Iout/ -Isrc -Os -MD -g -Wall -Wno-strict-aliasing -Wold-style-definition -Wtype-limits -m32 -march=i386 -mregparm=3 -mpreferred-stack-boundary=2 -minline-all-stringops -fomit-frame-pointer -freg-struct-return -ffreestanding -fno-delete-null-pointer-checks -ffunction-sections -fdata-sections -fno-common -fno-merge-constants -fno-pie -fno-stack-protector -fstack-check=no -Wno-address-of-packed-member -Wno-array-bounds -fcf-protection=none -DMODE16=0 -DMODESEGMENT=0 -c src/sha512.c -o out/src/sha512.o
echo "  Compiling whole program out/ccode32flat.o"
printf '#include "src/misc.c"\n #include "src/stacks.c"\n #include "src/output.c"\n #include "src/string.c"\n #include "src/block.c"\n #include "src/cdrom.c"\n #include "src/disk.c"\n #include "src/mouse.c"\n #include "src/kbd.c"\n #include "src/system.c"\n #include "src/serial.c"\n #include "src/sercon.c"\n #include "src/clock.c"\n #include "src/resume.c"\n #include "src/pnpbios.c"\n #include "src/vgahooks.c"\n #include "src/pcibios.c"\n #include "src/apm.c"\n #include "src/cp437.c"\n #include "src/hw/pci.c"\n #include "src/hw/timer.c"\n #include "src/hw/rtc.c"\n #include "src/hw/dma.c"\n #include "src/hw/pic.c"\n #include "src/hw/ps2port.c"\n #include "src/hw/serialio.c"\n #include "src/hw/usb.c"\n #include "src/hw/usb-uhci.c"\n #include "src/hw/usb-ohci.c"\n #include "src/hw/usb-ehci.c"\n #include "src/hw/usb-hid.c"\n #include "src/hw/usb-msc.c"\n #include "src/hw/usb-uas.c"\n #include "src/hw/blockcmd.c"\n #include "src/hw/floppy.c"\n #include "src/hw/ata.c"\n #include "src/hw/ramdisk.c"\n #include "src/hw/lsi-scsi.c"\n #include "src/hw/esp-scsi.c"\n #include "src/hw/megasas.c"\n #include "src/hw/mpt-scsi.c"\n #include "src/post.c"\n #include "src/e820map.c"\n #include "src/malloc.c"\n #include "src/romfile.c"\n #include "src/x86.c"\n #include "src/optionroms.c"\n #include "src/pmm.c"\n #include "src/font.c"\n #include "src/boot.c"\n #include "src/bootsplash.c"\n #include "src/jpeg.c"\n #include "src/bmp.c"\n #include "src/tcgbios.c"\n #include "src/sha1.c"\n #include "src/hw/pcidevice.c"\n #include "src/hw/ahci.c"\n #include "src/hw/pvscsi.c"\n #include "src/hw/usb-xhci.c"\n #include "src/hw/usb-hub.c"\n #include "src/hw/sdcard.c"\n #include "src/fw/coreboot.c"\n #include "src/fw/lzmadecode.c"\n #include "src/fw/multiboot.c"\n #include "src/fw/csm.c"\n #include "src/fw/biostables.c"\n #include "src/fw/paravirt.c"\n #include "src/fw/shadow.c"\n #include "src/fw/pciinit.c"\n #include "src/fw/smm.c"\n #include "src/fw/smp.c"\n #include "src/fw/mtrr.c"\n #include "src/fw/xen.c"\n #include "src/fw/acpi.c"\n #include "src/fw/mptable.c"\n #include "src/fw/pirtable.c"\n #include "src/fw/smbios.c"\n #include "src/fw/romfile_loader.c"\n #include "src/fw/dsdt_parser.c"\n #include "src/hw/virtio-ring.c"\n #include "src/hw/virtio-pci.c"\n #include "src/hw/virtio-mmio.c"\n #include "src/hw/virtio-blk.c"\n #include "src/hw/virtio-scsi.c"\n #include "src/hw/tpm_drivers.c"\n #include "src/hw/nvme.c"\n #include "src/sha256.c"\n #include "src/sha512.c"\n' > out/ccode32flat.o.tmp.c
cc -I.  -Iout/ -Isrc -Os -MD -g -Wall -Wno-strict-aliasing -Wold-style-definition -Wtype-limits -m32 -march=i386 -mregparm=3 -mpreferred-stack-boundary=2 -minline-all-stringops -fomit-frame-pointer -freg-struct-return -ffreestanding -fno-delete-null-pointer-checks -ffunction-sections -fdata-sections -fno-common -fno-merge-constants -fno-pie -fno-stack-protector -fstack-check=no -Wno-address-of-packed-member -Wno-array-bounds -fcf-protection=none -DMODE16=0 -DMODESEGMENT=0 -fwhole-program -DWHOLE_PROGRAM -c out/ccode32flat.o.tmp.c -o out/ccode32flat.o
echo "  Compiling whole program out/code32seg.o"
printf '#include "src/string.c"\n #include "src/output.c"\n #include "src/pcibios.c"\n #include "src/apm.c"\n #include "src/stacks.c"\n #include "src/hw/pci.c"\n #include "src/hw/serialio.c"\n' > out/code32seg.o.tmp.c
cc -I.  -Iout/ -Isrc -Os -MD -g -Wall -Wno-strict-aliasing -Wold-style-definition -Wtype-limits -m32 -march=i386 -mregparm=3 -mpreferred-stack-boundary=2 -minline-all-stringops -fomit-frame-pointer -freg-struct-return -ffreestanding -fno-delete-null-pointer-checks -ffunction-sections -fdata-sections -fno-common -fno-merge-constants -fno-pie -fno-stack-protector -fstack-check=no -Wno-address-of-packed-member -Wno-array-bounds -fcf-protection=none -DMODESEGMENT=1 -fno-defer-pop -fno-jump-tables -fno-tree-switch-conversion -DMODE16=0 -fwhole-program -DWHOLE_PROGRAM -c out/code32seg.o.tmp.c -o out/code32seg.o
echo "  Compiling whole program out/ccode16.o"
printf '#include "src/misc.c"\n #include "src/stacks.c"\n #include "src/output.c"\n #include "src/string.c"\n #include "src/block.c"\n #include "src/cdrom.c"\n #include "src/disk.c"\n #include "src/mouse.c"\n #include "src/kbd.c"\n #include "src/system.c"\n #include "src/serial.c"\n #include "src/sercon.c"\n #include "src/clock.c"\n #include "src/resume.c"\n #include "src/pnpbios.c"\n #include "src/vgahooks.c"\n #include "src/pcibios.c"\n #include "src/apm.c"\n #include "src/cp437.c"\n #include "src/hw/pci.c"\n #include "src/hw/timer.c"\n #include "src/hw/rtc.c"\n #include "src/hw/dma.c"\n #include "src/hw/pic.c"\n #include "src/hw/ps2port.c"\n #include "src/hw/serialio.c"\n #include "src/hw/usb.c"\n #include "src/hw/usb-uhci.c"\n #include "src/hw/usb-ohci.c"\n #include "src/hw/usb-ehci.c"\n #include "src/hw/usb-hid.c"\n #include "src/hw/usb-msc.c"\n #include "src/hw/usb-uas.c"\n #include "src/hw/blockcmd.c"\n #include "src/hw/floppy.c"\n #include "src/hw/ata.c"\n #include "src/hw/ramdisk.c"\n #include "src/hw/lsi-scsi.c"\n #include "src/hw/esp-scsi.c"\n #include "src/hw/megasas.c"\n #include "src/hw/mpt-scsi.c"\n' > out/ccode16.o.tmp.c
cc -I.  -Iout/ -Isrc -Os -MD -g -Wall -Wno-strict-aliasing -Wold-style-definition -Wtype-limits -m32 -march=i386 -mregparm=3 -mpreferred-stack-boundary=2 -minline-all-stringops -fomit-frame-pointer -freg-struct-return -ffreestanding -fno-delete-null-pointer-checks -ffunction-sections -fdata-sections -fno-common -fno-merge-constants -fno-pie -fno-stack-protector -fstack-check=no -Wno-address-of-packed-member -Wno-array-bounds -fcf-protection=none -DMODESEGMENT=1 -fno-defer-pop -fno-jump-tables -fno-tree-switch-conversion -DMODE16=1 -m16 --param large-stack-frame=4 -fwhole-program -DWHOLE_PROGRAM -c out/ccode16.o.tmp.c -o out/ccode16.o
echo "  Compiling to assembler out/src/asm-offsets.s"
cc -Iout/ -Isrc -Os -MD -g -Wall -Wno-strict-aliasing -Wold-style-definition -Wtype-limits -m32 -march=i386 -mregparm=3 -mpreferred-stack-boundary=2 -minline-all-stringops -fomit-frame-pointer -freg-struct-return -ffreestanding -fno-delete-null-pointer-checks -ffunction-sections -fdata-sections -fno-common -fno-merge-constants -fno-pie -fno-stack-protector -fstack-check=no -Wno-address-of-packed-member -Wno-array-bounds -fcf-protection=none -DMODESEGMENT=1 -fno-defer-pop -fno-jump-tables -fno-tree-switch-conversion -DMODE16=1 -m16 --param large-stack-frame=4 -S -c src/asm-offsets.c -o out/src/asm-offsets.s
echo "  Generating offset file out/asm-offsets.h"
./scripts/gen-offsets.sh out/src/asm-offsets.s out/asm-offsets.h
echo "  Compiling (16bit) out/romlayout.o"
cc -Iout/ -Isrc -Os -MD -g -Wall -Wno-strict-aliasing -Wold-style-definition -Wtype-limits -m32 -march=i386 -mregparm=3 -mpreferred-stack-boundary=2 -minline-all-stringops -fomit-frame-pointer -freg-struct-return -ffreestanding -fno-delete-null-pointer-checks -ffunction-sections -fdata-sections -fno-common -fno-merge-constants -fno-pie -fno-stack-protector -fstack-check=no -Wno-address-of-packed-member -Wno-array-bounds -fcf-protection=none -DMODESEGMENT=1 -fno-defer-pop -fno-jump-tables -fno-tree-switch-conversion -DMODE16=1 -m16 --param large-stack-frame=4 -c -D__ASSEMBLY__ src/romlayout.S -o out/romlayout.o
echo "  Building ld scripts"
python ./scripts/buildversion.py -e "" -t "cc;as;ld;objcopy;objdump;strip" out/autoversion.h
cc -Iout/ -Isrc -Os -MD -g -Wall -Wno-strict-aliasing -Wold-style-definition -Wtype-limits -m32 -march=i386 -mregparm=3 -mpreferred-stack-boundary=2 -minline-all-stringops -fomit-frame-pointer -freg-struct-return -ffreestanding -fno-delete-null-pointer-checks -ffunction-sections -fdata-sections -fno-common -fno-merge-constants -fno-pie -fno-stack-protector -fstack-check=no -Wno-address-of-packed-member -Wno-array-bounds -fcf-protection=none -DMODE16=0 -DMODESEGMENT=0 -c src/version.c -o out/version.o
ld -melf_i386 -r out/ccode32flat.o out/version.o -o out/code32flat.o
ld -melf_i386 -r out/ccode16.o out/romlayout.o -o out/code16.o
objdump -thr out/code32flat.o > out/code32flat.o.objdump
objdump -thr out/code32seg.o > out/code32seg.o.objdump
objdump -thr out/code16.o > out/code16.o.objdump
python ./scripts/layoutrom.py out/code16.o.objdump out/code32seg.o.objdump out/code32flat.o.objdump out/autoconf.h out/romlayout16.lds out/romlayout32seg.lds out/romlayout32flat.lds
echo "  Linking out/rom16.o"
ld -T out/romlayout16.lds out/code16.o -o out/rom16.o
echo "  Stripping out/rom16.noexec.o"
strip out/rom16.o -o out/rom16.o.strip.o
python ./scripts/ldnoexec.py out/rom16.o.strip.o out/rom16.noexec.o
echo "  Linking out/rom32seg.o"
ld -T out/romlayout32seg.lds out/code32seg.o -o out/rom32seg.o
echo "  Stripping out/rom32seg.noexec.o"
strip out/rom32seg.o -o out/rom32seg.o.strip.o
python ./scripts/ldnoexec.py out/rom32seg.o.strip.o out/rom32seg.noexec.o
echo "  Linking out/rom.o"
ld -N -T out/romlayout32flat.lds out/rom16.noexec.o out/rom32seg.noexec.o out/code32flat.o -o out/rom.o
echo "  Prepping out/bios.bin.prep"
rm -f out/bios.bin out/Csm16.bin out/bios.bin.elf
objdump -thr out/rom.o > out/rom.o.objdump
objcopy -O binary out/rom.o out/bios.bin.raw
python ./scripts/checkrom.py out/rom.o.objdump 0 out/bios.bin.raw out/bios.bin.prep
echo "  Creating out/bios.bin"
cp out/bios.bin.prep out/bios.bin
